<!doctype html>
<html>
  <head>
    <title>Simple Example</title>
  </head>
  <body>
    <h1>Simple Example</h1>
    <p>
      This is a paragraph with an
      <a href="/">inline</a>
      link
    </p>
  </body>
</html>
